Not Found: /
[04/Nov/2025 11:51:56] "GET / HTTP/1.1" 404 2474
Not Found: /favicon.ico
[04/Nov/2025 11:51:56] "GET /favicon.ico HTTP/1.1" 404 2525
[04/Nov/2025 11:54:14] "GET /admin HTTP/1.1" 301 0
[04/Nov/2025 11:54:14] "GET /admin/ HTTP/1.1" 302 0
[04/Nov/2025 11:54:15] "GET /admin/login/?next=/admin/ HTTP/1.1" 200 4173
[04/Nov/2025 11:54:15] "GET /static/admin/css/base.css HTTP/1.1" 200 22120
[04/Nov/2025 11:54:15] "GET /static/admin/css/dark_mode.css HTTP/1.1" 200 2808
[04/Nov/2025 11:54:15] "GET /static/admin/css/nav_sidebar.css HTTP/1.1" 200 2810
[04/Nov/2025 11:54:15] "GET /static/admin/css/login.css HTTP/1.1" 200 951
[04/Nov/2025 11:54:15] "GET /static/admin/css/responsive.css HTTP/1.1" 200 16565
[04/Nov/2025 11:54:15] "GET /static/admin/js/theme.js HTTP/1.1" 200 1653
[04/Nov/2025 11:54:15] "GET /static/admin/js/nav_sidebar.js HTTP/1.1" 200 3063
[04/Nov/2025 11:54:22] "POST /admin/login/?next=/admin/ HTTP/1.1" 200 4341
[04/Nov/2025 11:54:27] "POST /admin/login/?next=/admin/ HTTP/1.1" 302 0
[04/Nov/2025 11:54:27] "GET /admin/ HTTP/1.1" 200 7761
[04/Nov/2025 11:54:27] "GET /static/admin/css/dashboard.css HTTP/1.1" 200 441
[04/Nov/2025 11:54:27] "GET /static/admin/img/icon-addlink.svg HTTP/1.1" 200 331
[04/Nov/2025 11:54:27] "GET /static/admin/img/icon-changelink.svg HTTP/1.1" 200 380
[04/Nov/2025 11:54:32] "GET /admin/app/uservideo/ HTTP/1.1" 200 24569
[04/Nov/2025 11:54:32] "GET /static/admin/js/jquery.init.js HTTP/1.1" 200 347
[04/Nov/2025 11:54:32] "GET /static/admin/css/changelists.css HTTP/1.1" 200 6878
[04/Nov/2025 11:54:32] "GET /admin/jsi18n/ HTTP/1.1" 200 3342
[04/Nov/2025 11:54:32] "GET /static/admin/js/core.js HTTP/1.1" 200 6208
[04/Nov/2025 11:54:32] "GET /static/admin/js/actions.js HTTP/1.1" 200 8076
[04/Nov/2025 11:54:32] "GET /static/admin/js/urlify.js HTTP/1.1" 200 7887
[04/Nov/2025 11:54:32] "GET /static/admin/js/admin/RelatedObjectLookups.js HTTP/1.1" 200 9777
[04/Nov/2025 11:54:32] "GET /static/admin/js/prepopulate.js HTTP/1.1" 200 1531
[04/Nov/2025 11:54:32] "GET /static/admin/img/search.svg HTTP/1.1" 200 458
[04/Nov/2025 11:54:32] "GET /static/admin/js/vendor/jquery/jquery.js HTTP/1.1" 200 285314
[04/Nov/2025 11:54:32] "GET /static/admin/js/filters.js HTTP/1.1" 200 978
[04/Nov/2025 11:54:32] "GET /static/admin/js/vendor/xregexp/xregexp.js HTTP/1.1" 200 325171
[04/Nov/2025 11:54:32] "GET /static/admin/img/tooltag-add.svg HTTP/1.1" 200 331
[04/Nov/2025 11:54:32] "GET /static/admin/img/sorting-icons.svg HTTP/1.1" 200 1097
[04/Nov/2025 11:54:32] "GET /static/admin/img/icon-viewlink.svg HTTP/1.1" 200 581
Not Found: /media/videos/upload_1762223581417.mp4
[04/Nov/2025 11:55:53] "GET /media/videos/upload_1762223581417.mp4 HTTP/1.1" 404 2876
[04/Nov/2025 11:56:01] "GET /admin/app/uservideo/ HTTP/1.1" 200 24569
Not Found: /media/videos/upload_1762234640104.mp4
[04/Nov/2025 11:56:03] "GET /media/videos/upload_1762234640104.mp4 HTTP/1.1" 404 2876
[04/Nov/2025 11:56:05] "GET /admin/app/uservideo/ HTTP/1.1" 200 24569
Not Found: /media/videos/upload_1762221369482
[04/Nov/2025 11:56:06] "GET /media/videos/upload_1762221369482 HTTP/1.1" 404 2860
[04/Nov/2025 11:56:07] "GET /admin/app/uservideo/ HTTP/1.1" 200 24569
Not Found: /media/videos/upload_1762223419813.mp4
[04/Nov/2025 11:56:08] "GET /media/videos/upload_1762223419813.mp4 HTTP/1.1" 404 2876
[04/Nov/2025 11:56:10] "GET /admin/app/uservideo/ HTTP/1.1" 200 24569
[04/Nov/2025 11:56:12] "GET /admin/app/profileimage/ HTTP/1.1" 200 12234
[04/Nov/2025 11:56:12] "GET /admin/jsi18n/ HTTP/1.1" 200 3342
